<html>
<body>
<pre>
<h1>µVision Build Log</h1>
<h2>Project:</h2>
C:\Users\UMARAJASHEKAR\Desktop\Embedded System Design\GCD (2).uvproj
Project File Date:  05/04/2021

<h2>Output:</h2>
Build target 'Target 1'
assembling GCD.s...
assembling GCD.s...
linking...
.\GCD.axf: Warning: L6304W: Duplicate input file .\gcd.o ignored.
Program Size: Code=40 RO-data=0 RW-data=0 ZI-data=0  
Finished: 0 information, 1 warning and 0 error messages.
".\GCD.axf" - 0 Error(s), 1 Warning(s).
</pre>
</body>
</html>
