<html>
<body>
<pre>
<h1>µVision Build Log</h1>
<h2>Project:</h2>
C:\Users\UMARAJASHEKAR\Desktop\Embedded System Design\Key_Pressed (12).uvproj
Project File Date:  05/05/2021

<h2>Output:</h2>
Build target 'Target 1'
assembling startup_LPC17xx.s...
compiling keypressed.c...
keypressed.c(34): warning:  #940-D: missing return statement at end of non-void function "uart0_init"
  }
keypressed.c: 1 warning, 0 errors
compiling system_LPC17xx.c...
linking...
Program Size: Code=1100 RO-data=296 RW-data=8 ZI-data=608  
".\Key_Pressed.axf" - 0 Error(s), 1 Warning(s).
</pre>
</body>
</html>
