


ARM Macro Assembler    Page 1 


    1 00000000                 AREA             PROGRAM, CODE, READONLY
    2 00000000                 ENTRY
    3 00000000                 ARM
    4 00000000         START
    5 00000000 E59F101C        LDR              R1, =thumb_code+1
    6 00000004 E3A00902        LDR              R0, =0x00008000
    7 00000008 E5903000        LDR              R3, [R0]
    8 0000000C E5908004        LDR              R8, [R0, #04]
    9 00000010 E0435008        SUB              R5, R3, R8
   10 00000014 E1A0E00F        MOV              LR, PC
   11 00000018 E12FFF11        BX               R1
   12 0000001C EAFFFFFE 
                       AGAIN   B                AGAIN
   13 00000020                 THUMB
   14 00000020         thumb_code
   15 00000020 4443            ADD              R3, R3, R8
   16 00000022 4770            BX               LR
   17 00000024                 END
              00000001 
Command Line: --debug --xref --cpu=ARM9E --apcs=interwork --depend=.\sub_in_arm
andthumb.d -o.\sub_in_armandthumb.o -IC:\Keil\ARM\RV31\INC -IC:\Keil\ARM\CMSIS\
Include --predefine="__EVAL SETA 1" --list=.\sub_in_armandthumb.lst Sub_in_ARMa
ndTHUMB.s



ARM Macro Assembler    Page 1 Alphabetic symbol ordering
Relocatable symbols

AGAIN 0000001C

Symbol: AGAIN
   Definitions
      At line 12 in file Sub_in_ARMandTHUMB.s
   Uses
      At line 12 in file Sub_in_ARMandTHUMB.s
Comment: AGAIN used once
PROGRAM 00000000

Symbol: PROGRAM
   Definitions
      At line 1 in file Sub_in_ARMandTHUMB.s
   Uses
      None
Comment: PROGRAM unused
START 00000000

Symbol: START
   Definitions
      At line 4 in file Sub_in_ARMandTHUMB.s
   Uses
      None
Comment: START unused
thumb_code 00000020

Symbol: thumb_code
   Definitions
      At line 14 in file Sub_in_ARMandTHUMB.s
   Uses
      At line 5 in file Sub_in_ARMandTHUMB.s
Comment: thumb_code used once
4 symbols
337 symbols in table
